{
    "-profile test": {
        "content": [
            {
                "COMPARECHECKSUM": {
                    "r-base": "4.2.1"
                },
                "MD5SUM": {
                    "md5sum": 9.5
                },
                "RCLONE_COPY": {
                    "rclone": "1.65.0-DEV"
                },
                "SHASUM": {
                    "sha256sum": 9.5
                },
                "Workflow": {
                    "nf-core/datasync": "v1.0dev"
                }
            },
            [
                "comparechecksum",
                "comparechecksum/Illumina_annotation.checksum_summary.csv",
                "comparechecksum/Illumina_annotation.checksum_validation.csv",
                "comparechecksum/benchmark_bed.checksum_summary.csv",
                "comparechecksum/benchmark_bed.checksum_validation.csv",
                "comparechecksum/test_fastq.checksum_summary.csv",
                "comparechecksum/test_fastq.checksum_validation.csv",
                "md5sum",
                "md5sum/Illumina_annotation.md5",
                "md5sum/benchmark_bed.md5",
                "md5sum/test_fastq.md5",
                "multiqc",
                "multiqc/multiqc_data",
                "multiqc/multiqc_data/llms-full.txt",
                "multiqc/multiqc_data/multiqc.log",
                "multiqc/multiqc_data/multiqc.parquet",
                "multiqc/multiqc_data/multiqc_citations.txt",
                "multiqc/multiqc_data/multiqc_data.json",
                "multiqc/multiqc_data/multiqc_software_versions.txt",
                "multiqc/multiqc_data/multiqc_sources.txt",
                "multiqc/multiqc_report.html",
                "pipeline_info",
                "pipeline_info/nf_core_datasync_software_mqc_versions.yml",
                "rclone",
                "rclone/rclone-copy.log",
                "shasum",
                "shasum/Illumina_annotation.sha256",
                "shasum/benchmark_bed.sha256",
                "shasum/test_fastq.sha256"
            ],
            [
                "Illumina_annotation.checksum_summary.csv:md5,da71db43566c677ddc32186e53d4f30e",
                "Illumina_annotation.checksum_validation.csv:md5,9032cc5084168ca56d501269fc1021e8",
                "benchmark_bed.checksum_summary.csv:md5,79bca6fd02a7888f38a493591289fbb5",
                "benchmark_bed.checksum_validation.csv:md5,d1e7087446c6138dba9929099787c5c9",
                "test_fastq.checksum_summary.csv:md5,79bca6fd02a7888f38a493591289fbb5",
                "test_fastq.checksum_validation.csv:md5,9f72112e05dc478eee7d3d56a6364cd0",
                "multiqc_citations.txt:md5,4c806e63a283ec1b7e78cdae3a923d4f"
            ]
        ],
        "timestamp": "2026-07-06T19:01:01.083839406",
        "meta": {
            "nf-test": "0.9.5",
            "nextflow": "25.04.6"
        }
    }
}