{
    "-profile test": {
        "content": [
            {
                "COMPARECHECKSUM": {
                    "r-base": "4.2.1"
                },
                "MD5SUM": {
                    "md5sum": 9.5
                },
                "SHASUM": {
                    "sha256sum": 9.5
                },
                "Workflow": {
                    "nf-core/datasync": "v1.0dev"
                }
            },
            [
                "comparechecksum",
                "comparechecksum/Illumina_annotation_md5.checksum_summary.csv",
                "comparechecksum/Illumina_annotation_md5.checksum_validation.csv",
                "comparechecksum/benchmark_bed_md5.checksum_summary.csv",
                "comparechecksum/benchmark_bed_md5.checksum_validation.csv",
                "comparechecksum/test_fastq_md5.checksum_summary.csv",
                "comparechecksum/test_fastq_md5.checksum_validation.csv",
                "md5sum",
                "md5sum/Illumina_annotation.md5",
                "md5sum/benchmark_bed.md5",
                "md5sum/test_fastq.md5",
                "multiqc",
                "multiqc/multiqc_data",
                "multiqc/multiqc_data/llms-full.txt",
                "multiqc/multiqc_data/multiqc.log",
                "multiqc/multiqc_data/multiqc.parquet",
                "multiqc/multiqc_data/multiqc_citations.txt",
                "multiqc/multiqc_data/multiqc_data.json",
                "multiqc/multiqc_data/multiqc_md5_checksum_report.txt",
                "multiqc/multiqc_data/multiqc_md5_checksum_summary.txt",
                "multiqc/multiqc_data/multiqc_software_versions.txt",
                "multiqc/multiqc_data/multiqc_sources.txt",
                "multiqc/multiqc_plots",
                "multiqc/multiqc_plots/pdf",
                "multiqc/multiqc_plots/pdf/md5_checksum_report.pdf",
                "multiqc/multiqc_plots/pdf/md5_checksum_summary.pdf",
                "multiqc/multiqc_plots/png",
                "multiqc/multiqc_plots/png/md5_checksum_report.png",
                "multiqc/multiqc_plots/png/md5_checksum_summary.png",
                "multiqc/multiqc_plots/svg",
                "multiqc/multiqc_plots/svg/md5_checksum_report.svg",
                "multiqc/multiqc_plots/svg/md5_checksum_summary.svg",
                "multiqc/multiqc_report.html",
                "pipeline_info",
                "pipeline_info/nf_core_datasync_software_mqc_versions.yml",
                "shasum",
                "shasum/Illumina_annotation.sha256",
                "shasum/benchmark_bed.sha256",
                "shasum/test_fastq.sha256"
            ],
            [
                "Illumina_annotation_md5.checksum_summary.csv:md5,eaff8b778f802026d8013d004a9aa00f",
                "Illumina_annotation_md5.checksum_validation.csv:md5,ce382d06839523dd9c390e3b34881be0",
                "benchmark_bed_md5.checksum_summary.csv:md5,266bcbba1edbc6720508aa392387c566",
                "benchmark_bed_md5.checksum_validation.csv:md5,b528bcd09ff8e6bf3c51e72d3e4ebe8f",
                "test_fastq_md5.checksum_summary.csv:md5,6904f7c475eb219bee74f013a1870caf",
                "test_fastq_md5.checksum_validation.csv:md5,4c94e3b3362f854c42941fc67b226ac2",
                "multiqc_citations.txt:md5,4c806e63a283ec1b7e78cdae3a923d4f",
                "multiqc_md5_checksum_report.txt:md5,39147d72a414c399614f139354e36a86",
                "multiqc_md5_checksum_summary.txt:md5,d8c3b87b26251d4d6cb1aca315f0f531"
            ]
        ],
        "timestamp": "2026-07-01T22:40:25.11618923",
        "meta": {
            "nf-test": "0.9.5",
            "nextflow": "26.04.1"
        }
    }
}