{
    "-profile test_full": {
        "content": [
            {
                "RCLONE_CHECK": {
                    "rclone": "1.74.3-DEV"
                },
                "RCLONE_CHECKSUM": {
                    "rclone": "1.74.3-DEV"
                },
                "RCLONE_COPY": {
                    "rclone": "1.65.0-DEV"
                },
                "Workflow": {
                    "nf-core/datasync": "v1.0dev"
                }
            },
            [
                "multiqc",
                "multiqc/multiqc_data",
                "multiqc/multiqc_data/llms-full.txt",
                "multiqc/multiqc_data/multiqc.log",
                "multiqc/multiqc_data/multiqc.parquet",
                "multiqc/multiqc_data/multiqc_citations.txt",
                "multiqc/multiqc_data/multiqc_data.json",
                "multiqc/multiqc_data/multiqc_rclone_check.txt",
                "multiqc/multiqc_data/multiqc_rclone_checksum_md5.txt",
                "multiqc/multiqc_data/multiqc_rclone_checksum_sha.txt",
                "multiqc/multiqc_data/multiqc_samplesheet.txt",
                "multiqc/multiqc_data/multiqc_software_versions.txt",
                "multiqc/multiqc_data/multiqc_sources.txt",
                "multiqc/multiqc_report.html",
                "pipeline_info",
                "pipeline_info/nf_core_datasync_software_mqc_versions.yml",
                "rclone",
                "rclone/demultiplex-rclone-copy.log",
                "rclone/demultiplex.combined.txt",
                "rclone/demultiplex.differ.txt",
                "rclone/demultiplex.error.txt",
                "rclone/demultiplex.match.txt",
                "rclone/demultiplex.missing_on_dst.txt",
                "rclone/demultiplex.missing_on_src.txt"
            ],
            [
                "multiqc_citations.txt:md5,4c806e63a283ec1b7e78cdae3a923d4f",
                "multiqc_rclone_check.txt:md5,6ee1b24af2769c0620cb6a3c52d7e3ce",
                "multiqc_rclone_checksum_md5.txt:md5,0367be35c8af1775ccedaac24abdbfa9",
                "multiqc_rclone_checksum_sha.txt:md5,6ee1b24af2769c0620cb6a3c52d7e3ce",
                "multiqc_samplesheet.txt:md5,00788a52d1a014c12ac4ed554b0b44ca"
            ]
        ],
        "timestamp": "2026-07-17T16:51:02.615492867",
        "meta": {
            "nf-test": "0.9.5",
            "nextflow": "26.04.6"
        }
    }
}