{
    "-profile test_full": {
        "content": [
            {
                "COMPARECHECKSUM": {
                    "r-base": "4.2.1",
                    "comparechecksum": "4.2.1"
                },
                "MD5SUM": {
                    "md5sum": 9.5
                },
                "SHASUM": {
                    "sha256sum": 9.5
                },
                "Workflow": {
                    "nf-core/datasync": "v1.0dev"
                }
            },
            [
                "comparechecksum",
                "comparechecksum/demultiplex.checksum_summary.csv",
                "comparechecksum/demultiplex.checksum_validation.csv",
                "md5sum",
                "md5sum/demultiplex.md5",
                "multiqc",
                "multiqc/multiqc_data",
                "multiqc/multiqc_data/llms-full.txt",
                "multiqc/multiqc_data/multiqc.log",
                "multiqc/multiqc_data/multiqc.parquet",
                "multiqc/multiqc_data/multiqc_citations.txt",
                "multiqc/multiqc_data/multiqc_data.json",
                "multiqc/multiqc_data/multiqc_software_versions.txt",
                "multiqc/multiqc_data/multiqc_sources.txt",
                "multiqc/multiqc_report.html",
                "pipeline_info",
                "pipeline_info/nf_core_datasync_software_mqc_versions.yml",
                "shasum",
                "shasum/demultiplex.sha256"
            ],
            [
                "demultiplex.checksum_summary.csv:md5,5ab7359b25dcb4e6c6f5a7eb1687a2dc",
                "demultiplex.checksum_validation.csv:md5,205760aabd99d02b7b61c250677f0b32",
                "multiqc_citations.txt:md5,4c806e63a283ec1b7e78cdae3a923d4f"
            ]
        ],
        "timestamp": "2026-06-29T18:09:37.827179822",
        "meta": {
            "nf-test": "0.9.5",
            "nextflow": "26.04.1"
        }
    }
}