{
    "-profile test_full": {
        "content": [
            {
                "MD5SUM": {
                    "md5sum": 9.5
                },
                "SHASUM": {
                    "sha256sum": 9.5
                },
                "Workflow": {
                    "nf-core/datasync": "v1.0dev"
                }
            },
            [
                "md5sum",
                "md5sum/demultiplex.md5",
                "multiqc",
                "multiqc/multiqc_data",
                "multiqc/multiqc_data/llms-full.txt",
                "multiqc/multiqc_data/multiqc.log",
                "multiqc/multiqc_data/multiqc.parquet",
                "multiqc/multiqc_data/multiqc_citations.txt",
                "multiqc/multiqc_data/multiqc_data.json",
                "multiqc/multiqc_data/multiqc_software_versions.txt",
                "multiqc/multiqc_data/multiqc_sources.txt",
                "multiqc/multiqc_report.html",
                "pipeline_info",
                "pipeline_info/nf_core_datasync_software_mqc_versions.yml",
                "shasum",
                "shasum/demultiplex.sha256"
            ],
            [
                "multiqc_citations.txt:md5,4c806e63a283ec1b7e78cdae3a923d4f"
            ]
        ],
        "timestamp": "2026-06-23T19:32:18.469702006",
        "meta": {
            "nf-test": "0.9.5",
            "nextflow": "25.10.4"
        }
    }
}